# generated on Fri Oct 31 01:03:45 2025
# Top Cell: SYS_TOP

------------------------------------------------------------
          timeDesign Summary                             
------------------------------------------------------------

+--------------------+---------+---------+---------+---------+---------+---------+
|     Setup mode     |   all   | reg2reg | in2reg  | reg2out | in2out  | clkgate |
+--------------------+---------+---------+---------+---------+---------+---------+
|           WNS (ns):| -0.210  | -0.210  |  7.455  |  5.454  |   N/A   |  7.683  |
|           TNS (ns):| -0.210  | -0.210  |  0.000  |  0.000  |   N/A   |  0.000  |
|    Violating Paths:|    1    |    1    |    0    |    0    |   N/A   |    0    |
|          All Paths:|  1244   |  1228   |   433   |    8    |   N/A   |    1    |
+--------------------+---------+---------+---------+---------+---------+---------+

+----------------+---------------------------+--------------+
|                |            Real           |     Total    |
|    DRVs        +--------------+------------+--------------|
|                |Nr nets(terms)| Worst Vio  |Nr nets(terms)|
+----------------+--------------+------------+--------------+
|   max_cap      |    0 (0)     |   0.000    |    0 (0)     |
|   max_tran     |    0 (0)     |   0.000    |    0 (0)     |
|   max_fanout   |    0 (0)     |     0      |    0 (0)     |
+----------------+--------------+------------+--------------+

Density: 74.817%
Routing Overflow: 0.00% H and 0.00% V
------------------------------------------------------------
